I'm sorry, but errors were detected in your script. Please correct the
errors listed below, and try again.


File "game/script.rpy", line 81: end of line expected.
    scene SleepDie.png
                  ^

Ren'Py Version: Ren'Py 8.0.0.22062402
Wed Jul  6 22:23:06 2022
